
                             RM3 PI: CRANK-1 N  UR3 PI: CRANK-1 N  _U:U1 PI: COUPLER
                  X                 : 26               : 26             -1 N: 36    

                0.                 0.                 0.                 0.         
                3.                 4.47514E-06        7.273E-03          3.50431E-03
                6.                 7.54141E-06       53.7567E-03        19.5924E-03 
                9.                 9.35087E-06      167.122E-03         12.5623E-03 
               12.                10.0537E-06       363.738E-03       -156.504E-03  
               15.                 9.80567E-06      650.079E-03       -745.24E-03   
               18.               -49.7184E-03         1.02414           -2.01739    
               21.                 7.12163E-06        1.47686           -3.88025    
               24.                -6.91572E-03        1.99352           -5.41921    
               27.                 2.55188E-06        2.55516           -5.9976     
               30.                 2.40667E-03        3.14              -6.03557    
               33.                -5.78066E-03        3.72484           -5.76223    
               36.                -4.82462E-06        4.28648           -5.12845    
               39.                -7.08616E-06        4.80314           -3.99434    
               42.                -8.90467E-06        5.25586           -2.52609    
               45.                -9.8875E-06         5.62992           -1.26524    
               48.               -10.3781E-06         5.91626         -502.172E-03  
               51.                -9.23583E-06        6.11288         -156.085E-03  
               54.                -7.18611E-06        6.22624          -36.2818E-03 
               57.                -4.58947E-06        6.27273           -5.23201E-03
               60.               201.792E-09          6.28              -1.34763E-03




